// Jest Snapshot v1, https://goo.gl/fbAQLP

exports[`PokemonPicture component Should do match with snapshot 1`] = `
<div class="pokemon-container"><img class="hidden-pokemon" src="https://raw.githubusercontent.com/PokeAPI/sprites/master/sprites/pokemon/other/official-artwork/1.png">
  <!--v-if-->
</div>
`;
