// Jest Snapshot v1, https://goo.gl/fbAQLP

exports[`PokemonPage component Should do match with snapshot 1`] = `<h1>Espere por favor...</h1>`;

exports[`PokemonPage component Should do match with snapshot when pokemons are loaded 1`] = `
<div>
  <h1>¿Quién es ese Pokémon?</h1>
  <!--v-if-->
  <pokemon-picture-stub pokemonid="1" showpokemon="false"></pokemon-picture-stub>
  <pokemon-options-stub pokemons="[object Object],[object Object],[object Object],[object Object]"></pokemon-options-stub>
</div>
`;
